2026-04-05 22:38:38 | Admin: Madiha S (ID: 7) | Page: dashboard.php
2026-04-06 05:57:23 | Admin: Unknown (ID: 7) | Page: vantage_registered_students.php
2026-04-06 09:27:28 | Admin: Unknown (ID: 7) | Page: dashboard.php
2026-04-06 09:27:29 | Admin: Unknown (ID: 7) | Page: dashboard.php
2026-04-06 09:27:32 | Admin: Unknown (ID: 7) | Page: dashboard.php
2026-04-06 05:58:30 | Admin: Unknown (ID: 7) | Page: add_drive.php
2026-04-06 09:28:31 | Admin: Unknown (ID: 7) | Page: dashboard.php
2026-04-06 09:28:33 | Admin: Unknown (ID: 7) | Page: dashboard.php
2026-04-06 05:58:40 | Admin: Unknown (ID: 7) | Page: add_drive.php
2026-04-06 09:28:44 | Admin: Unknown (ID: 7) | Page: dashboard.php
2026-04-06 09:28:46 | Admin: Unknown (ID: 7) | Page: dashboard.php
2026-04-06 05:58:48 | Admin: Unknown (ID: 7) | Page: add_drive.php
2026-04-06 09:28:50 | Admin: Unknown (ID: 7) | Page: dashboard.php
2026-04-06 06:13:52 | Admin: Madiha S (ID: 7) | Page: vantage_registered_students.php
2026-04-06 06:14:01 | Admin: Madiha S (ID: 7) | Page: vantage_registered_students.php
2026-04-06 09:44:03 | Admin: Madiha S (ID: 7) | Page: dashboard.php
2026-04-06 06:14:09 | Admin: Madiha S (ID: 7) | Page: add_drive.php
2026-04-06 06:15:15 | Admin: Madiha S (ID: 7) | Page: add_drive.php
2026-04-06 06:16:37 | Admin: Madiha S (ID: 7) | Page: placed_students.php
2026-04-06 06:18:54 | Admin: Madiha S (ID: 7) | Page: add_drive.php
2026-04-06 06:19:43 | Admin: Madiha S (ID: 7) | Page: add_drive.php
2026-04-06 10:41:44 | Admin: Madiha S (ID: 7) | Page: dashboard.php
2026-04-06 10:47:10 | Admin: Madiha S (ID: 7) | Page: dashboard.php
2026-04-06 07:18:21 | Admin: Madiha S (ID: 7) | Page: add_drive.php
2026-04-06 07:29:40 | Admin: Madiha S (ID: 7) | Page: add_drive.php
2026-04-06 10:59:54 | Admin: Madiha S (ID: 7) | Page: dashboard.php
2026-04-06 11:00:34 | Admin: Madiha S (ID: 7) | Page: dashboard.php
2026-04-06 07:34:26 | Admin: Madiha S (ID: 7) | Page: fulltime_progress_tracker.php
2026-04-06 07:34:29 | Admin: Madiha S (ID: 7) | Page: internship_progress_tracker.php
2026-04-06 07:34:31 | Admin: Madiha S (ID: 7) | Page: internship_progress_tracker.php
2026-04-06 07:34:43 | Admin: Madiha S (ID: 7) | Page: fulltime_progress_tracker.php
2026-04-06 11:10:29 | Admin: Madiha S (ID: 7) | Page: dashboard.php
2026-04-06 07:40:59 | Admin: Madiha S (ID: 7) | Page: enrolled_students.php
2026-04-06 07:41:25 | Admin: Madiha S (ID: 7) | Page: manage_rounds.php
2026-04-06 07:41:30 | Admin: Madiha S (ID: 7) | Page: manage_rounds.php
2026-04-06 07:41:55 | Admin: Madiha S (ID: 7) | Page: manage_rounds.php
2026-04-06 07:42:12 | Admin: Madiha S (ID: 7) | Page: fulltime_round_results.php
2026-04-06 07:42:31 | Admin: Madiha S (ID: 7) | Page: registered_students.php
2026-04-06 07:42:38 | Admin: Madiha S (ID: 7) | Page: internship_registered_students.php
2026-04-06 07:42:44 | Admin: Madiha S (ID: 7) | Page: internship_placed_students.php
2026-04-06 07:43:01 | Admin: Madiha S (ID: 7) | Page: admin_student_progress.php
2026-04-06 07:43:27 | Admin: Madiha S (ID: 7) | Page: on_off_campus.php
2026-04-06 07:43:50 | Admin: Madiha S (ID: 7) | Page: internship_offer_letters.php
2026-04-06 07:44:05 | Admin: Madiha S (ID: 7) | Page: internship_progress_tracker.php
2026-04-06 11:14:11 | Admin: Madiha S (ID: 7) | Page: old_files_storage.php
2026-04-06 07:44:23 | Admin: Madiha S (ID: 7) | Page: generate_course_report.php
2026-04-06 07:44:28 | Admin: Madiha S (ID: 7) | Page: generate_course_report.php
2026-04-06 07:44:40 | Admin: Madiha S (ID: 7) | Page: generate_course_report.php
2026-04-06 07:45:04 | Admin: Madiha S (ID: 7) | Page: manage_courses.php
2026-04-06 07:45:23 | Admin: Madiha S (ID: 7) | Page: data_migration.php
2026-04-06 07:46:11 | Admin: Madiha S (ID: 7) | Page: admin_notifications.php
2026-04-06 11:16:24 | Admin: Madiha S (ID: 7) | Page: dashboard.php
2026-04-06 07:46:25 | Admin: Madiha S (ID: 7) | Page: admin_notifications.php
2026-04-06 07:46:47 | Admin: Madiha S (ID: 7) | Page: admin_notifications.php
2026-04-06 11:16:50 | Admin: Madiha S (ID: 7) | Page: dashboard.php
2026-04-06 07:46:57 | Admin: Madiha S (ID: 7) | Page: admin_notifications.php
2026-04-06 07:47:04 | Admin: Madiha S (ID: 7) | Page: admin_notifications.php
2026-04-06 07:47:24 | Admin: Madiha S (ID: 7) | Page: admin_notifications.php
2026-04-06 07:47:30 | Admin: Madiha S (ID: 7) | Page: data_migration.php
2026-04-06 07:48:10 | Admin: Madiha S (ID: 7) | Page: registered_students.php
2026-04-06 07:49:30 | Admin: Madiha S (ID: 7) | Page: enrolled_students.php
2026-04-06 07:50:33 | Admin: Madiha S (ID: 7) | Page: registered_students.php
2026-04-06 07:51:29 | Admin: Madiha S (ID: 7) | Page: fulltime_round_results.php
2026-04-06 11:21:58 | Admin: Madiha S (ID: 7) | Page: dashboard.php
2026-04-06 11:28:53 | Admin: Madiha S (ID: 7) | Page: dashboard.php
2026-04-06 07:58:57 | Admin: Madiha S (ID: 7) | Page: admin_notifications.php
2026-04-06 11:29:03 | Admin: Madiha S (ID: 7) | Page: dashboard.php
2026-04-06 07:59:04 | Admin: Madiha S (ID: 7) | Page: admin_notifications.php
2026-04-06 07:59:16 | Admin: Madiha S (ID: 7) | Page: admin_notifications.php
2026-04-06 10:21:31 | Admin: Madiha S (ID: 7) | Page: admin_notifications.php
2026-04-06 13:51:34 | Admin: Madiha S (ID: 7) | Page: dashboard.php
2026-04-06 13:51:50 | Admin: Madiha S (ID: 7) | Page: dashboard.php
2026-04-06 10:21:55 | Admin: Madiha S (ID: 7) | Page: on_off_campus.php
2026-04-06 10:21:56 | Admin: Madiha S (ID: 7) | Page: on_off_campus.php
2026-04-06 13:52:01 | Admin: Madiha S (ID: 7) | Page: dashboard.php
2026-04-06 10:22:02 | Admin: Madiha S (ID: 7) | Page: admin_notifications.php
2026-04-06 13:53:01 | Admin: Madiha S (ID: 7) | Page: dashboard.php
2026-04-06 13:53:58 | Admin: Madiha S (ID: 7) | Page: dashboard.php
2026-04-06 10:37:12 | Admin: Madiha S (ID: 7) | Page: generate_course_report.php
2026-04-06 10:52:16 | Admin: Madiha S (ID: 7) | Page: admin_notifications.php
2026-04-06 23:05:38 | Admin: Madiha S (ID: 7) | Page: dashboard.php
2026-04-07 12:14:57 | Admin: Madiha S (ID: 7) | Page: dashboard.php
2026-04-07 08:45:12 | Admin: Madiha S (ID: 7) | Page: send_notification.php
2026-04-08 01:20:14 | Admin: Madiha S (ID: 7) | Page: dashboard.php
2026-04-07 22:08:24 | Admin: Madiha S (ID: 7) | Page: add_drive.php
2026-04-07 22:08:28 | Admin: Madiha S (ID: 7) | Page: data_migration.php
2026-04-07 22:08:30 | Admin: Madiha S (ID: 7) | Page: add_drive.php
2026-04-08 01:38:31 | Admin: Madiha S (ID: 7) | Page: dashboard.php
2026-04-07 22:16:11 | Admin: Madiha S (ID: 7) | Page: admin_notifications.php
2026-04-07 22:16:39 | Admin: Madiha S (ID: 7) | Page: manage_rounds.php
2026-04-07 22:16:44 | Admin: Madiha S (ID: 7) | Page: manage_rounds.php
2026-04-15 22:31:37 | Admin: Madiha S (ID: 7) | Page: dashboard.php
2026-04-15 19:02:51 | Admin: Madiha S (ID: 7) | Page: add_drive.php
2026-04-15 19:28:42 | Admin: Madiha S (ID: 7) | Page: add_drive.php
